// Jest Snapshot v1, https://goo.gl/fbAQLP

exports[`TimeInput renders 1`] = `
<DocumentFragment>
  <div
    class="container"
  >
    <button
      class="container"
    >
      &lt;&lt;
    </button>
    <span
      class="time"
    >
      0
    </span>
    <button
      class="container"
    >
      &gt;&gt;
    </button>
  </div>
</DocumentFragment>
`;
